// Jest Snapshot v1, https://goo.gl/fbAQLP

exports[`withActiveCard render shoul render correctly 1`] = `<div />`;
