// Jest Snapshot v1, https://goo.gl/fbAQLP

exports[`withOpenState render shoul render correctly 1`] = `<div />`;
